Update Managed Component C? From CMP-06035-021046-1[GRM21BC8YA106KE11L] To CMP-06035-021046-1[GRM21BC8YA106KE11L] in MainSheet.SchDoc
Update Managed Component C? From CMP-06035-021046-1[GRM21BC8YA106KE11L] To CMP-06035-021046-1[GRM21BC8YA106KE11L] in MainSheet.SchDoc
Update Managed Component C? From CMP-2000-06025-2[C1608X5R1H105K080AB] To CMP-2000-06025-2[C1608X5R1H105K080AB] in MainSheet.SchDoc
Update Managed Component C? From CMP-2000-06025-2[C1608X5R1H105K080AB] To CMP-2000-06025-2[C1608X5R1H105K080AB] in MainSheet.SchDoc
Update Managed Component C? From CMP-06035-021046-1[GRM21BC8YA106KE11L] To CMP-06035-021046-1[GRM21BC8YA106KE11L] in MainSheet.SchDoc
Update Managed Component C? From CMP-06035-021046-1[GRM21BC8YA106KE11L] To CMP-06035-021046-1[GRM21BC8YA106KE11L] in MainSheet.SchDoc
Update Managed Component C? From CMP-2000-05393-2[C1005X7R1H104K050BB] To CMP-2000-05393-2[C1005X7R1H104K050BB] in MainSheet.SchDoc
Update Managed Component D? From CMP-0303-00003-3[1N5819HW-7-F] To CMP-0303-00003-3[1N5819HW-7-F] in MainSheet.SchDoc
Replace Part D? LESD5D5.0CT1G in C:\Users\Alex\Documents\Repos\Gestura\PCB\Gestura_Glove_PCB\MainSheet.SchDoc with LESD5D5.0CT1G from GesturaGloveComponents.SchLib
Replace Part D? LESD5D5.0CT1G in C:\Users\Alex\Documents\Repos\Gestura\PCB\Gestura_Glove_PCB\MainSheet.SchDoc with LESD5D5.0CT1G from GesturaGloveComponents.SchLib
Update Managed Component D? From CMP-0303-00003-3[1N5819HW-7-F] To CMP-0303-00003-3[1N5819HW-7-F] in MainSheet.SchDoc
Replace Part D? LESD5D5.0CT1G in C:\Users\Alex\Documents\Repos\Gestura\PCB\Gestura_Glove_PCB\MainSheet.SchDoc with LESD5D5.0CT1G from GesturaGloveComponents.SchLib
Replace Part D? LESD5D5.0CT1G in C:\Users\Alex\Documents\Repos\Gestura\PCB\Gestura_Glove_PCB\MainSheet.SchDoc with LESD5D5.0CT1G from GesturaGloveComponents.SchLib
Replace Part D? LESD5D5.0CT1G in C:\Users\Alex\Documents\Repos\Gestura\PCB\Gestura_Glove_PCB\MainSheet.SchDoc with LESD5D5.0CT1G from GesturaGloveComponents.SchLib
Replace Part D? LESD5D5.0CT1G in C:\Users\Alex\Documents\Repos\Gestura\PCB\Gestura_Glove_PCB\MainSheet.SchDoc with LESD5D5.0CT1G from GesturaGloveComponents.SchLib
Update Managed Component J? From CMP-2000-05823-1[10104110-0001LF] To CMP-2000-05823-1[10104110-0001LF] in MainSheet.SchDoc
Update Managed Component J? From CMP-2000-05823-1[10104110-0001LF] To CMP-2000-05823-1[10104110-0001LF] in MainSheet.SchDoc
Replace Part Q? L8050QLT1G in C:\Users\Alex\Documents\Repos\Gestura\PCB\Gestura_Glove_PCB\MainSheet.SchDoc with L8050QLT1G from GesturaGloveComponents.SchLib
Update Managed Component R? From CMP-2000-07451-1[ERJ2GE0R00X] To CMP-2000-07451-1[ERJ2GE0R00X] in MainSheet.SchDoc
Update Managed Component R? From CMP-2000-07451-1[ERJ2GE0R00X] To CMP-2000-07451-1[ERJ2GE0R00X] in MainSheet.SchDoc
Update Managed Component R? From CMP-2000-07451-1[ERJ2GE0R00X] To CMP-2000-07451-1[ERJ2GE0R00X] in MainSheet.SchDoc
Update Managed Component R? From CMP-2002-03043-1[CRCW040210K0FKEDHP] To CMP-2002-03043-1[CRCW040210K0FKEDHP] in MainSheet.SchDoc
Update Managed Component R? From CMP-2002-00418-1[CRCW040247K5FKTD] To CMP-2002-00418-1[CRCW040247K5FKTD] in MainSheet.SchDoc
Replace Part R? ERA2AEB2212X in C:\Users\Alex\Documents\Repos\Gestura\PCB\Gestura_Glove_PCB\MainSheet.SchDoc with ERA2AEB2212X from GesturaGloveComponents.SchLib
Update Managed Component R? From CMP-2002-03043-1[CRCW040210K0FKEDHP] To CMP-2002-03043-1[CRCW040210K0FKEDHP] in MainSheet.SchDoc
Update Managed Component R? From CMP-2002-03043-1[CRCW040210K0FKEDHP] To CMP-2002-03043-1[CRCW040210K0FKEDHP] in MainSheet.SchDoc
Update Managed Component R? From CMP-2002-03043-1[CRCW040210K0FKEDHP] To CMP-2002-03043-1[CRCW040210K0FKEDHP] in MainSheet.SchDoc
Update Managed Component R? From CMP-250906-288381-1[TFCR0402-16W-C-1001BT-1K] To CMP-250906-288381-1[TFCR0402-16W-C-1001BT-1K] in MainSheet.SchDoc
Update Managed Component U? From CMP-08093-000005-1[CP2102N-A02-GQFN28] To CMP-08093-000005-1[CP2102N-A02-GQFN28] in MainSheet.SchDoc
Replace Part U? ESP32-S3-WROOM-2-N32R16V in C:\Users\Alex\Documents\Repos\Gestura\PCB\Gestura_Glove_PCB\MainSheet.SchDoc with ESP32-S3-WROOM-2-N32R16V from GesturaGloveComponents.SchLib
